// Jest Snapshot v1, https://goo.gl/fbAQLP

exports[`loadSubreddit renders 1`] = `
<div>
  <button
    onClick={[Function]}
  >
    Fetch Posts
  </button>
   
  <p>
    hello
  </p>
</div>
`;
